// Jest Snapshot v1, https://goo.gl/fbAQLP

exports[`<Logo/> should render Component 1`] = `
<a
  href="/"
>
  <div
    class="sc-fbkiRW gelFBc"
  >
    <span
      class="sc-fWSDcn csBAtW"
    >
      S
    </span>
    <span
      class="sc-TmdmN cyzjQY"
    >
      e
    </span>
    <span
      class="sc-dwfUuu fsFXTQ"
    >
      n
    </span>
    <span
      class="sc-fWSDcn csBAtW"
    >
      T
    </span>
    <span
      class="sc-GqePz hLSQzd"
    >
      e
    </span>
    <span
      class="sc-dwfUuu fsFXTQ"
    >
      m
    </span>
  </div>
</a>
`;
